package com.example.transpiler.generated;

public class C {

    T m;
}
