package com.example.transpiler.generated;

public class RealValues extends AnyValue {

    Real Max;

    Real Epsilon;

    public RealValues(Real p) {
    }

    public Real Plus(Real a, Real b) {
        a = a.Plus(b);
    }

    public Real Minus(Real a, Real b) {
        a = a.Minus(b);
    }
}
