package com.example.transpiler.generated;

public class B {

    Integer b;

    Integer b1;
}
